To honour the JVM settings for this build a single-use Daemon process will be forked. For more on this, please refer to https://docs.gradle.org/9.6.1/userguide/gradle_daemon.html#sec:disabling_the_daemon in the Gradle documentation.
Warning: Unable to set daemon's environment variables to match the client because: 
  There is no native integration with this operating environment.
  If the daemon was started with a significantly different environment from the client, and your build 
  relies on environment variables, you may experience unexpected behavior.
Daemon will be stopped at the end of the build 

> Configure project :
Fabric Loom: 1.12.7

> Task :clean

> Task :compileJava
/data/data/com.termux/files/home/VulkanMod/src/main/java/net/vulkanmod/vulkan/util/VUtil.java:7: warning: Unsafe is internal proprietary API and may be removed in a future release
import sun.misc.Unsafe;
               ^
/data/data/com.termux/files/home/VulkanMod/src/main/java/net/vulkanmod/vulkan/util/VUtil.java:21: warning: Unsafe is internal proprietary API and may be removed in a future release
    public static final Unsafe UNSAFE;
                        ^
/data/data/com.termux/files/home/VulkanMod/src/main/java/net/vulkanmod/vulkan/util/VUtil.java:26: warning: Unsafe is internal proprietary API and may be removed in a future release
            f = Unsafe.class.getDeclaredField("theUnsafe");
                ^
/data/data/com.termux/files/home/VulkanMod/src/main/java/net/vulkanmod/vulkan/util/VUtil.java:28: warning: Unsafe is internal proprietary API and may be removed in a future release
            UNSAFE = (Unsafe) f.get(null);
                      ^
Note: Some input files use or override a deprecated API.
Note: Recompile with -Xlint:deprecation for details.
Note: Some input files use unchecked or unsafe operations.
Note: Recompile with -Xlint:unchecked for details.
4 warnings

> Task :processResources
> Task :classes
> Task :jar SKIPPED
> Task :processIncludeJars
> Task :remapJar FAILED

[Incubating] Problems report is available at: file:///data/data/com.termux/files/home/VulkanMod/build/reports/problems/problems-report.html

FAILURE: Build failed with an exception.

* What went wrong:
Some problems were found with the configuration of task ':remapJar' (type 'RemapJarTask').
Input file does not exist
  In plugin 'net.fabricmc.loom.LoomRepositoryPlugin' type 'net.fabricmc.loom.task.RemapJarTask' property 'input' specifies file '/data/data/com.termux/files/home/VulkanMod/build/devlibs/VulkanMod_1.21.10-0.6.6-dev-dev.jar' which doesn't exist
    An input file was expected to be present but it doesn't exist
    For more information, please refer to https://docs.gradle.org/9.6.1/userguide/validation_problems.html#input_file_does_not_exist in the Gradle documentation.
    Possible solutions:
      1. Make sure the file exists before the task is called.
      2. Make sure that the task which produces the file is declared as an input.
Input file does not exist
  In plugin 'net.fabricmc.loom.LoomRepositoryPlugin' type 'net.fabricmc.loom.task.RemapJarTask' property 'inputFile' specifies file '/data/data/com.termux/files/home/VulkanMod/build/devlibs/VulkanMod_1.21.10-0.6.6-dev-dev.jar' which doesn't exist
    An input file was expected to be present but it doesn't exist
    For more information, please refer to https://docs.gradle.org/9.6.1/userguide/validation_problems.html#input_file_does_not_exist in the Gradle documentation.
    Possible solutions:
      1. Make sure the file exists before the task is called.
      2. Make sure that the task which produces the file is declared as an input.

* Try:
> Run with --scan to get full insights from a Build Scan (powered by Develocity).

Deprecated Gradle features were used in this build, making it incompatible with Gradle 10.

You can use '--warning-mode all' to show the individual deprecation warnings and determine if they come from your own scripts or plugins.

For more on this, please refer to https://docs.gradle.org/9.6.1/userguide/command_line_interface.html#sec:command_line_warnings in the Gradle documentation.

BUILD FAILED in 1m 11s
5 actionable tasks: 5 executed
